#
# There is insufficient memory for the Java Runtime Environment to continue.
# Native memory allocation (malloc) failed to allocate 1048576 bytes. Error detail: AllocateHeap
# Possible reasons:
#   The system is out of physical RAM or swap space
#   This process is running with CompressedOops enabled, and the Java Heap may be blocking the growth of the native heap
# Possible solutions:
#   Reduce memory load on the system
#   Increase physical memory or swap space
#   Check if swap backing store is full
#   Decrease Java heap size (-Xmx/-Xms)
#   Decrease number of Java threads
#   Decrease Java thread stack sizes (-Xss)
#   Set larger code cache with -XX:ReservedCodeCacheSize=
#   JVM is running with Unscaled Compressed Oops mode in which the Java heap is
#     placed in the first 4GB address space. The Java Heap base address is the
#     maximum limit for the native heap growth. Please use -XX:HeapBaseMinAddress
#     to set the Java Heap base and to place the Java Heap above 4GB virtual address.
# This output file may be truncated or incomplete.
#
#  Out of Memory Error (allocation.cpp:44), pid=768, tid=18540
#
# JRE version: OpenJDK Runtime Environment Temurin-21.0.9+10 (21.0.9+10) (build 21.0.9+10-LTS)
# Java VM: OpenJDK 64-Bit Server VM Temurin-21.0.9+10 (21.0.9+10-LTS, mixed mode, sharing, tiered, compressed oops, compressed class ptrs, parallel gc, windows-amd64)
# No core dump will be written. Minidumps are not enabled by default on client versions of Windows
#

---------------  S U M M A R Y ------------

Command Line: --add-modules=ALL-SYSTEM --add-opens=java.base/java.util=ALL-UNNAMED --add-opens=java.base/java.lang=ALL-UNNAMED --add-opens=java.base/sun.nio.fs=ALL-UNNAMED -Declipse.application=org.eclipse.jdt.ls.core.id1 -Dosgi.bundles.defaultStartLevel=4 -Declipse.product=org.eclipse.jdt.ls.core.product -Djava.import.generatesMetadataFilesAtProjectRoot=false -DDetectVMInstallationsJob.disabled=true -Dfile.encoding=utf8 -XX:+UseParallelGC -XX:GCTimeRatio=4 -XX:AdaptiveSizePolicyWeight=90 -Dsun.zip.disableMemoryMapping=true -Xmx2G -Xms100m -Xlog:disable -javaagent:c:\Users\Kevin\.vscode\extensions\redhat.java-1.50.0-win32-x64\lombok\lombok-1.18.39-4050.jar -XX:+HeapDumpOnOutOfMemoryError -XX:HeapDumpPath=c:\Users\Kevin\AppData\Roaming\Code\User\workspaceStorage\2dd59578e7575567e07f9e31c6a4162b\redhat.java -Daether.dependencyCollector.impl=bf c:\Users\Kevin\.vscode\extensions\redhat.java-1.50.0-win32-x64\server\plugins\org.eclipse.equinox.launcher_1.7.100.v20251111-0406.jar -configuration c:\Users\Kevin\AppData\Roaming\Code\User\globalStorage\redhat.java\1.50.0\config_win -data c:\Users\Kevin\AppData\Roaming\Code\User\workspaceStorage\2dd59578e7575567e07f9e31c6a4162b\redhat.java\jdt_ws --pipe=\\.\pipe\lsp-5b9aed9f028df51af74201b6563b1c87-sock

Host: AMD Ryzen 7 5825U with Radeon Graphics         , 16 cores, 15G,  Windows 11 , 64 bit Build 26100 (10.0.26100.7309)
Time: Tue Dec 16 23:10:08 2025 Paris, Madrid elapsed time: 4587.293020 seconds (0d 1h 16m 27s)

---------------  T H R E A D  ---------------

Current thread (0x000001c8d406adc0):  JavaThread "Attach Listener" daemon [_thread_in_vm, id=18540, stack(0x0000009326000000,0x0000009326100000) (1024K)]

Stack: [0x0000009326000000,0x0000009326100000]
Native frames: (J=compiled Java code, j=interpreted, Vv=VM code, C=native code)
V  [jvm.dll+0x6d6e29]
V  [jvm.dll+0x8b4b76]
V  [jvm.dll+0x8b712e]
V  [jvm.dll+0x8b7813]
V  [jvm.dll+0x283d86]
V  [jvm.dll+0xc1277]
V  [jvm.dll+0x6d76d9]
V  [jvm.dll+0x133466]
V  [jvm.dll+0x3f7ea6]
V  [jvm.dll+0x85e9ad]
V  [jvm.dll+0x6d565d]
C  [ucrtbase.dll+0x37b0]
C  [KERNEL32.DLL+0x2e8d7]
C  [ntdll.dll+0x8c53c]


---------------  P R O C E S S  ---------------

Threads class SMR info:
_java_thread_list=0x000001c8dcc54ec0, length=62, elements={
0x000001c8faefe800, 0x000001c8d40643a0, 0x000001c8d4067620, 0x000001c8d406a170,
0x000001c8d406adc0, 0x000001c8d4071000, 0x000001c8d407ad90, 0x000001c8d40832c0,
0x000001c8d4085430, 0x000001c8d4228530, 0x000001c8d56d7ed0, 0x000001c8da3156e0,
0x000001c8d589dab0, 0x000001c8da533130, 0x000001c8da57cfd0, 0x000001c8da8e7830,
0x000001c8da55b1c0, 0x000001c8da520dd0, 0x000001c8da522180, 0x000001c8da520740,
0x000001c8dcef4870, 0x000001c8dcef6940, 0x000001c8dcef3b50, 0x000001c8dcef5c20,
0x000001c8dcef34c0, 0x000001c8dcef6fd0, 0x000001c8dcef7660, 0x000001c8dcef41e0,
0x000001c8dcef8380, 0x000001c8dcefa450, 0x000001c8dcef90a0, 0x000001c8dcef9730,
0x000001c8dcef7cf0, 0x000001c8dcef8a10, 0x000001c8dcefaae0, 0x000001c8dcef9dc0,
0x000001c8dca71b60, 0x000001c8dca70e40, 0x000001c8dca72f10, 0x000001c8dca721f0,
0x000001c8dca714d0, 0x000001c8de103810, 0x000001c8de1079b0, 0x000001c8de288d90,
0x000001c8de28a140, 0x000001c8de288070, 0x000001c8de289420, 0x000001c8de28a7d0,
0x000001c8de28bb80, 0x000001c8de28c210, 0x000001c8de28dc50, 0x000001c8de28ae60,
0x000001c8de289ab0, 0x000001c8de106600, 0x000001c8de106c90, 0x000001c8de107320,
0x000001c8de105250, 0x000001c8de104530, 0x000001c8de104bc0, 0x000001c8de10a110,
0x000001c8de10a7a0, 0x000001c8de1086d0
}

Java Threads: ( => current thread )
  0x000001c8faefe800 JavaThread "main"                              [_thread_blocked, id=12588, stack(0x0000009325900000,0x0000009325a00000) (1024K)]
  0x000001c8d40643a0 JavaThread "Reference Handler"          daemon [_thread_blocked, id=17064, stack(0x0000009325d00000,0x0000009325e00000) (1024K)]
  0x000001c8d4067620 JavaThread "Finalizer"                  daemon [_thread_blocked, id=16932, stack(0x0000009325e00000,0x0000009325f00000) (1024K)]
  0x000001c8d406a170 JavaThread "Signal Dispatcher"          daemon [_thread_blocked, id=12316, stack(0x0000009325f00000,0x0000009326000000) (1024K)]
=>0x000001c8d406adc0 JavaThread "Attach Listener"            daemon [_thread_in_vm, id=18540, stack(0x0000009326000000,0x0000009326100000) (1024K)]
  0x000001c8d4071000 JavaThread "Service Thread"             daemon [_thread_blocked, id=8304, stack(0x0000009326100000,0x0000009326200000) (1024K)]
  0x000001c8d407ad90 JavaThread "Monitor Deflation Thread"   daemon [_thread_blocked, id=8280, stack(0x0000009326200000,0x0000009326300000) (1024K)]
  0x000001c8d40832c0 JavaThread "C2 CompilerThread0"         daemon [_thread_blocked, id=9784, stack(0x0000009326300000,0x0000009326400000) (1024K)]
  0x000001c8d4085430 JavaThread "C1 CompilerThread0"         daemon [_thread_blocked, id=11612, stack(0x0000009326400000,0x0000009326500000) (1024K)]
  0x000001c8d4228530 JavaThread "Common-Cleaner"             daemon [_thread_blocked, id=3968, stack(0x0000009326700000,0x0000009326800000) (1024K)]
  0x000001c8d56d7ed0 JavaThread "Notification Thread"        daemon [_thread_blocked, id=11564, stack(0x0000009326a00000,0x0000009326b00000) (1024K)]
  0x000001c8da3156e0 JavaThread "Active Thread: Equinox Container: 768a0db8-b6fc-4b5e-9c0c-825d6623cbfa"        [_thread_blocked, id=19208, stack(0x0000009327300000,0x0000009327400000) (1024K)]
  0x000001c8d589dab0 JavaThread "Refresh Thread: Equinox Container: 768a0db8-b6fc-4b5e-9c0c-825d6623cbfa" daemon [_thread_blocked, id=17996, stack(0x0000009326600000,0x0000009326700000) (1024K)]
  0x000001c8da533130 JavaThread "Framework Event Dispatcher: Equinox Container: 768a0db8-b6fc-4b5e-9c0c-825d6623cbfa" daemon [_thread_blocked, id=7724, stack(0x0000009326800000,0x0000009326900000) (1024K)]
  0x000001c8da57cfd0 JavaThread "Start Level: Equinox Container: 768a0db8-b6fc-4b5e-9c0c-825d6623cbfa" daemon [_thread_blocked, id=3064, stack(0x0000009326900000,0x0000009326a00000) (1024K)]
  0x000001c8da8e7830 JavaThread "Bundle File Closer"         daemon [_thread_blocked, id=17792, stack(0x0000009327700000,0x0000009327800000) (1024K)]
  0x000001c8da55b1c0 JavaThread "SCR Component Actor"        daemon [_thread_blocked, id=2956, stack(0x0000009326500000,0x0000009326600000) (1024K)]
  0x000001c8da520dd0 JavaThread "Worker-JM"                         [_thread_blocked, id=11972, stack(0x0000009327e00000,0x0000009327f00000) (1024K)]
  0x000001c8da522180 JavaThread "JNA Cleaner"                daemon [_thread_blocked, id=15996, stack(0x0000009328200000,0x0000009328300000) (1024K)]
  0x000001c8da520740 JavaThread "Java indexing"              daemon [_thread_blocked, id=7676, stack(0x0000009327c00000,0x0000009327d00000) (1024K)]
  0x000001c8dcef4870 JavaThread "Thread-1"                   daemon [_thread_in_native, id=15960, stack(0x0000009328f00000,0x0000009329000000) (1024K)]
  0x000001c8dcef6940 JavaThread "Thread-2"                   daemon [_thread_in_native, id=11780, stack(0x0000009329000000,0x0000009329100000) (1024K)]
  0x000001c8dcef3b50 JavaThread "Thread-3"                   daemon [_thread_in_native, id=15968, stack(0x0000009329100000,0x0000009329200000) (1024K)]
  0x000001c8dcef5c20 JavaThread "Thread-4"                   daemon [_thread_in_native, id=11608, stack(0x0000009329200000,0x0000009329300000) (1024K)]
  0x000001c8dcef34c0 JavaThread "Thread-5"                   daemon [_thread_in_native, id=23004, stack(0x0000009329300000,0x0000009329400000) (1024K)]
  0x000001c8dcef6fd0 JavaThread "Thread-6"                   daemon [_thread_in_native, id=2028, stack(0x0000009329400000,0x0000009329500000) (1024K)]
  0x000001c8dcef7660 JavaThread "Thread-7"                   daemon [_thread_in_native, id=17908, stack(0x0000009329500000,0x0000009329600000) (1024K)]
  0x000001c8dcef41e0 JavaThread "Thread-8"                   daemon [_thread_in_native, id=11976, stack(0x0000009329600000,0x0000009329700000) (1024K)]
  0x000001c8dcef8380 JavaThread "Thread-9"                   daemon [_thread_in_native, id=6704, stack(0x0000009329700000,0x0000009329800000) (1024K)]
  0x000001c8dcefa450 JavaThread "Thread-10"                  daemon [_thread_in_native, id=17840, stack(0x0000009329800000,0x0000009329900000) (1024K)]
  0x000001c8dcef90a0 JavaThread "Thread-11"                  daemon [_thread_in_native, id=23072, stack(0x0000009329900000,0x0000009329a00000) (1024K)]
  0x000001c8dcef9730 JavaThread "Thread-12"                  daemon [_thread_in_native, id=20832, stack(0x0000009329a00000,0x0000009329b00000) (1024K)]
  0x000001c8dcef7cf0 JavaThread "Thread-13"                  daemon [_thread_in_native, id=3640, stack(0x0000009329b00000,0x0000009329c00000) (1024K)]
  0x000001c8dcef8a10 JavaThread "Thread-14"                  daemon [_thread_in_native, id=6464, stack(0x0000009329c00000,0x0000009329d00000) (1024K)]
  0x000001c8dcefaae0 JavaThread "Thread-15"                  daemon [_thread_in_native, id=21500, stack(0x0000009329d00000,0x0000009329e00000) (1024K)]
  0x000001c8dcef9dc0 JavaThread "Thread-16"                  daemon [_thread_in_native, id=8872, stack(0x0000009329e00000,0x0000009329f00000) (1024K)]
  0x000001c8dca71b60 JavaThread "Thread-17"                  daemon [_thread_in_native, id=22940, stack(0x0000009329f00000,0x000000932a000000) (1024K)]
  0x000001c8dca70e40 JavaThread "pool-2-thread-1"                   [_thread_blocked, id=21172, stack(0x000000932a100000,0x000000932a200000) (1024K)]
  0x000001c8dca72f10 JavaThread "WorkspaceEventsHandler"            [_thread_blocked, id=10504, stack(0x000000932a300000,0x000000932a400000) (1024K)]
  0x000001c8dca721f0 JavaThread "pool-1-thread-1"                   [_thread_blocked, id=3040, stack(0x000000932a400000,0x000000932a500000) (1024K)]
  0x000001c8dca714d0 JavaThread "pool-3-thread-1"                   [_thread_blocked, id=18220, stack(0x0000009327800000,0x0000009327900000) (1024K)]
  0x000001c8de103810 JavaThread "Cleaner-0"                  daemon [_thread_blocked, id=2224, stack(0x000000932be00000,0x000000932bf00000) (1024K)]
  0x000001c8de1079b0 JavaThread "ForkJoinPool.commonPool-worker-22" daemon [_thread_blocked, id=7596, stack(0x000000932a600000,0x000000932a700000) (1024K)]
  0x000001c8de288d90 JavaThread "Worker-22"                         [_thread_blocked, id=6128, stack(0x0000009328300000,0x0000009328400000) (1024K)]
  0x000001c8de28a140 JavaThread "Worker-23"                         [_thread_blocked, id=18196, stack(0x0000009328500000,0x0000009328600000) (1024K)]
  0x000001c8de288070 JavaThread "ForkJoinPool.commonPool-worker-40" daemon [_thread_blocked, id=11764, stack(0x0000009325600000,0x0000009325700000) (1024K)]
  0x000001c8de289420 JavaThread "ForkJoinPool.commonPool-worker-41" daemon [_thread_blocked, id=15880, stack(0x0000009325700000,0x0000009325800000) (1024K)]
  0x000001c8de28a7d0 JavaThread "ForkJoinPool.commonPool-worker-43" daemon [_thread_blocked, id=15684, stack(0x0000009327900000,0x0000009327a00000) (1024K)]
  0x000001c8de28bb80 JavaThread "ForkJoinPool.commonPool-worker-46" daemon [_thread_blocked, id=12824, stack(0x0000009328000000,0x0000009328100000) (1024K)]
  0x000001c8de28c210 JavaThread "ForkJoinPool.commonPool-worker-48" daemon [_thread_blocked, id=19024, stack(0x0000009328100000,0x0000009328200000) (1024K)]
  0x000001c8de28dc50 JavaThread "ForkJoinPool.commonPool-worker-49" daemon [_thread_blocked, id=7656, stack(0x0000009328600000,0x0000009328700000) (1024K)]
  0x000001c8de28ae60 JavaThread "ForkJoinPool.commonPool-worker-51" daemon [_thread_blocked, id=4692, stack(0x0000009328700000,0x0000009328800000) (1024K)]
  0x000001c8de289ab0 JavaThread "Compiler Source File Reader" daemon [_thread_blocked, id=10424, stack(0x0000009327a00000,0x0000009327b00000) (1024K)]
  0x000001c8de106600 JavaThread "Compiler Source File Reader" daemon [_thread_blocked, id=16680, stack(0x0000009328900000,0x0000009328a00000) (1024K)]
  0x000001c8de106c90 JavaThread "Compiler Source File Reader" daemon [_thread_blocked, id=16708, stack(0x0000009328a00000,0x0000009328b00000) (1024K)]
  0x000001c8de107320 JavaThread "Compiler Source File Reader" daemon [_thread_blocked, id=5308, stack(0x0000009328b00000,0x0000009328c00000) (1024K)]
  0x000001c8de105250 JavaThread "Compiler Source File Reader" daemon [_thread_blocked, id=5388, stack(0x0000009328c00000,0x0000009328d00000) (1024K)]
  0x000001c8de104530 JavaThread "Compiler Source File Reader" daemon [_thread_blocked, id=17772, stack(0x0000009328d00000,0x0000009328e00000) (1024K)]
  0x000001c8de104bc0 JavaThread "Compiler Source File Reader" daemon [_thread_blocked, id=24168, stack(0x000000932a000000,0x000000932a100000) (1024K)]
  0x000001c8de10a110 JavaThread "Compiler Source File Reader" daemon [_thread_blocked, id=23776, stack(0x000000932a200000,0x000000932a300000) (1024K)]
  0x000001c8de10a7a0 JavaThread "Compiler Source File Reader" daemon [_thread_blocked, id=10428, stack(0x000000932a500000,0x000000932a600000) (1024K)]
  0x000001c8de1086d0 JavaThread "Compiler Source File Reader" daemon [_thread_blocked, id=10876, stack(0x000000932a700000,0x000000932a800000) (1024K)]
Total: 62

Other Threads:
  0x000001c8fafbebf0 VMThread "VM Thread"                           [id=1940, stack(0x0000009325c00000,0x0000009325d00000) (1024K)]
  0x000001c8fad8ca10 WatcherThread "VM Periodic Task Thread"        [id=16524, stack(0x0000009325b00000,0x0000009325c00000) (1024K)]
  0x000001c8faf1c8d0 WorkerThread "GC Thread#0"                     [id=8940, stack(0x0000009325a00000,0x0000009325b00000) (1024K)]
  0x000001c8da319860 WorkerThread "GC Thread#1"                     [id=16308, stack(0x0000009326c00000,0x0000009326d00000) (1024K)]
  0x000001c8da319c00 WorkerThread "GC Thread#2"                     [id=8616, stack(0x0000009326d00000,0x0000009326e00000) (1024K)]
  0x000001c8d5d7eac0 WorkerThread "GC Thread#3"                     [id=10416, stack(0x0000009326e00000,0x0000009326f00000) (1024K)]
  0x000001c8d5d84240 WorkerThread "GC Thread#4"                     [id=8040, stack(0x0000009326f00000,0x0000009327000000) (1024K)]
  0x000001c8d5d845e0 WorkerThread "GC Thread#5"                     [id=2500, stack(0x0000009327000000,0x0000009327100000) (1024K)]
  0x000001c8d5d84980 WorkerThread "GC Thread#6"                     [id=11036, stack(0x0000009327100000,0x0000009327200000) (1024K)]
  0x000001c8d589d4e0 WorkerThread "GC Thread#7"                     [id=14012, stack(0x0000009327400000,0x0000009327500000) (1024K)]
  0x000001c8d5750e90 WorkerThread "GC Thread#8"                     [id=19484, stack(0x0000009327200000,0x0000009327300000) (1024K)]
  0x000001c8d5752450 WorkerThread "GC Thread#9"                     [id=14168, stack(0x0000009327500000,0x0000009327600000) (1024K)]
  0x000001c8d57515d0 WorkerThread "GC Thread#10"                    [id=20684, stack(0x0000009327600000,0x0000009327700000) (1024K)]
  0x000001c8d5750af0 WorkerThread "GC Thread#11"                    [id=20580, stack(0x0000009326b00000,0x0000009326c00000) (1024K)]
  0x000001c8d5751230 WorkerThread "GC Thread#12"                    [id=12056, stack(0x0000009327f00000,0x0000009328000000) (1024K)]
Total: 15

Threads with active compile tasks:
Total: 0

VM state: not at safepoint (normal execution)

VM Mutex/Monitor currently owned by a thread: None

Heap address: 0x0000000080000000, size: 2048 MB, Compressed Oops mode: 32-bit

CDS archive(s) mapped at: [0x000001c893000000-0x000001c893ba0000-0x000001c893ba0000), size 12189696, SharedBaseAddress: 0x000001c893000000, ArchiveRelocationMode: 1.
Compressed class space mapped at: 0x000001c894000000-0x000001c8d4000000, reserved size: 1073741824
Narrow klass base: 0x000001c893000000, Narrow klass shift: 0, Narrow klass range: 0x100000000

GC Precious Log:
 CardTable entry size: 512
 CPUs: 16 total, 16 available
 Memory: 15772M
 Large Page Support: Disabled
 NUMA Support: Disabled
 Compressed Oops: Enabled (32-bit)
 Alignments: Space 512K, Generation 512K, Heap 2M
 Heap Min Capacity: 100M
 Heap Initial Capacity: 100M
 Heap Max Capacity: 2G
 Pre-touch: Disabled
 Parallel Workers: 13

Heap:
 PSYoungGen      total 5120K, used 3917K [0x00000000d5580000, 0x00000000d5e80000, 0x0000000100000000)
  eden space 4096K, 71% used [0x00000000d5580000,0x00000000d5857518,0x00000000d5980000)
  from space 1024K, 98% used [0x00000000d5b80000,0x00000000d5c7c010,0x00000000d5c80000)
  to   space 2048K, 0% used [0x00000000d5980000,0x00000000d5980000,0x00000000d5b80000)
 ParOldGen       total 1146368K, used 1146339K [0x0000000080000000, 0x00000000c5f80000, 0x00000000d5580000)
  object space 1146368K, 99% used [0x0000000080000000,0x00000000c5f78f58,0x00000000c5f80000)
 Metaspace       used 86197K, committed 87872K, reserved 1179648K
  class space    used 8510K, committed 9344K, reserved 1048576K

Card table byte_map: [0x000001c8fa8a0000,0x000001c8facb0000] _byte_map_base: 0x000001c8fa4a0000

Marking Bits: (ParMarkBitMap*) 0x00007ffbea122460
 Begin Bits: [0x000001c88f000000, 0x000001c891000000)
 End Bits:   [0x000001c891000000, 0x000001c893000000)

Polling page: 0x000001c8f8cc0000

Metaspace:

Usage:
  Non-class:     75.87 MB used.
      Class:      8.31 MB used.
       Both:     84.18 MB used.

Virtual space:
  Non-class space:      128.00 MB reserved,      76.69 MB ( 60%) committed,  2 nodes.
      Class space:        1.00 GB reserved,       9.12 MB ( <1%) committed,  1 nodes.
             Both:        1.12 GB reserved,      85.81 MB (  7%) committed. 

Chunk freelists:
   Non-Class:  1.84 MB
       Class:  7.07 MB
        Both:  8.91 MB

MaxMetaspaceSize: unlimited
CompressedClassSpaceSize: 1.00 GB
Initial GC threshold: 21.00 MB
Current GC threshold: 142.62 MB
CDS: on
 - commit_granule_bytes: 65536.
 - commit_granule_words: 8192.
 - virtual_space_node_default_size: 8388608.
 - enlarge_chunks_in_place: 1.
 - use_allocation_guard: 0.


Internal statistics:

num_allocs_failed_limit: 11.
num_arena_births: 1556.
num_arena_deaths: 386.
num_vsnodes_births: 3.
num_vsnodes_deaths: 0.
num_space_committed: 1373.
num_space_uncommitted: 0.
num_chunks_returned_to_freelist: 456.
num_chunks_taken_from_freelist: 5941.
num_chunk_merges: 124.
num_chunk_splits: 3379.
num_chunks_enlarged: 1659.
num_inconsistent_stats: 0.

CodeHeap 'non-profiled nmethods': size=119168Kb used=22799Kb max_used=24838Kb free=96368Kb
 bounds [0x000001c887ba0000, 0x000001c8893f0000, 0x000001c88f000000]
CodeHeap 'profiled nmethods': size=119104Kb used=39545Kb max_used=51396Kb free=79558Kb
 bounds [0x000001c880000000, 0x000001c883240000, 0x000001c887450000]
CodeHeap 'non-nmethods': size=7488Kb used=1517Kb max_used=3273Kb free=5970Kb
 bounds [0x000001c887450000, 0x000001c8877c0000, 0x000001c887ba0000]
CodeCache: size=245760Kb, used=63861Kb, max_used=79507Kb, free=181896Kb
 total_blobs=17570, nmethods=16738, adapters=729, full_count=0
Compilation: enabled, stopped_count=0, restarted_count=0

Compilation events (20 events):
Event: 4291.397 Thread 0x000001c8d4085430 25519   !   3       org.eclipse.jdt.internal.compiler.lookup.InferenceContext18::inferInvocationType (804 bytes)
Event: 4291.399 Thread 0x000001c8d4085430 nmethod 25519 0x000001c880f04b10 code [0x000001c880f05120, 0x000001c880f08378]
Event: 4293.270 Thread 0x000001c8d40832c0 25520   !   4       org.eclipse.jdt.internal.compiler.parser.Scanner::pushLineSeparator (300 bytes)
Event: 4293.270 Thread 0x000001c8d4085430 25521 %     3       org.eclipse.jdt.ls.core.internal.handlers.FoldingRangeHandler::computeMethodRanges @ 143 (787 bytes)
Event: 4293.275 Thread 0x000001c8d40832c0 nmethod 25520 0x000001c889036790 code [0x000001c889036960, 0x000001c889037038]
Event: 4293.276 Thread 0x000001c8d40832c0 25522       4       org.eclipse.jdt.internal.compiler.parser.Parser::consumePushPosition (9 bytes)
Event: 4293.277 Thread 0x000001c8d4085430 nmethod 25521% 0x000001c882bd3390 code [0x000001c882bd3e40, 0x000001c882bdc480]
Event: 4293.277 Thread 0x000001c8d40832c0 nmethod 25522 0x000001c887e58910 code [0x000001c887e58aa0, 0x000001c887e58ba0]
Event: 4293.277 Thread 0x000001c8d40832c0 25523       4       org.eclipse.jdt.internal.compiler.parser.Parser::consumeUnaryExpression (170 bytes)
Event: 4293.283 Thread 0x000001c8d40832c0 nmethod 25523 0x000001c888051610 code [0x000001c888051820, 0x000001c888051e48]
Event: 4293.297 Thread 0x000001c8d4085430 25524       1       java.util.stream.Streams$AbstractStreamBuilderImpl::characteristics (4 bytes)
Event: 4293.297 Thread 0x000001c8d40832c0 25525       4       org.eclipse.jdt.internal.compiler.codegen.BranchLabel::addForwardReference (248 bytes)
Event: 4293.297 Thread 0x000001c8d4085430 nmethod 25524 0x000001c887ea1c10 code [0x000001c887ea1da0, 0x000001c887ea1e68]
Event: 4293.299 Thread 0x000001c8d40832c0 nmethod 25525 0x000001c887fa1d90 code [0x000001c887fa1f40, 0x000001c887fa2370]
Event: 4293.299 Thread 0x000001c8d40832c0 25526       4       org.eclipse.jdt.internal.compiler.codegen.CodeStream::generateInlinedValue (45 bytes)
Event: 4293.303 Thread 0x000001c8d40832c0 nmethod 25526 0x000001c887cfc590 code [0x000001c887cfc7c0, 0x000001c887cfd1b8]
Event: 4369.980 Thread 0x000001c8d4085430 25527   !   3       java.util.logging.LogManager::getUserContext (118 bytes)
Event: 4369.981 Thread 0x000001c8d4085430 nmethod 25527 0x000001c880c4d610 code [0x000001c880c4d7c0, 0x000001c880c4da30]
Event: 4369.981 Thread 0x000001c8d4085430 25528       3       jdk.internal.access.SharedSecrets::getJavaAWTAccess (4 bytes)
Event: 4369.981 Thread 0x000001c8d4085430 nmethod 25528 0x000001c8805f2810 code [0x000001c8805f29a0, 0x000001c8805f2a98]

GC Heap History (20 events):
Event: 4291.345 GC heap before
{Heap before GC invocations=3417 (full 6):
 PSYoungGen      total 5632K, used 5466K [0x00000000d5580000, 0x00000000d5c80000, 0x0000000100000000)
  eden space 5120K, 100% used [0x00000000d5580000,0x00000000d5a80000,0x00000000d5a80000)
  from space 512K, 67% used [0x00000000d5c00000,0x00000000d5c56900,0x00000000d5c80000)
  to   space 1024K, 0% used [0x00000000d5a80000,0x00000000d5a80000,0x00000000d5b80000)
 ParOldGen       total 1139200K, used 1138761K [0x0000000080000000, 0x00000000c5880000, 0x00000000d5580000)
  object space 1139200K, 99% used [0x0000000080000000,0x00000000c58124c0,0x00000000c5880000)
 Metaspace       used 86196K, committed 87872K, reserved 1179648K
  class space    used 8510K, committed 9344K, reserved 1048576K
}
Event: 4291.347 GC heap after
{Heap after GC invocations=3417 (full 6):
 PSYoungGen      total 6144K, used 1024K [0x00000000d5580000, 0x00000000d5d80000, 0x0000000100000000)
  eden space 5120K, 0% used [0x00000000d5580000,0x00000000d5580000,0x00000000d5a80000)
  from space 1024K, 100% used [0x00000000d5a80000,0x00000000d5b80000,0x00000000d5b80000)
  to   space 1536K, 0% used [0x00000000d5c00000,0x00000000d5c00000,0x00000000d5d80000)
 ParOldGen       total 1139200K, used 1138973K [0x0000000080000000, 0x00000000c5880000, 0x00000000d5580000)
  object space 1139200K, 99% used [0x0000000080000000,0x00000000c58476d0,0x00000000c5880000)
 Metaspace       used 86196K, committed 87872K, reserved 1179648K
  class space    used 8510K, committed 9344K, reserved 1048576K
}
Event: 4291.356 GC heap before
{Heap before GC invocations=3418 (full 6):
 PSYoungGen      total 6144K, used 6144K [0x00000000d5580000, 0x00000000d5d80000, 0x0000000100000000)
  eden space 5120K, 100% used [0x00000000d5580000,0x00000000d5a80000,0x00000000d5a80000)
  from space 1024K, 100% used [0x00000000d5a80000,0x00000000d5b80000,0x00000000d5b80000)
  to   space 1536K, 0% used [0x00000000d5c00000,0x00000000d5c00000,0x00000000d5d80000)
 ParOldGen       total 1139200K, used 1138973K [0x0000000080000000, 0x00000000c5880000, 0x00000000d5580000)
  object space 1139200K, 99% used [0x0000000080000000,0x00000000c58476d0,0x00000000c5880000)
 Metaspace       used 86196K, committed 87872K, reserved 1179648K
  class space    used 8510K, committed 9344K, reserved 1048576K
}
Event: 4291.358 GC heap after
{Heap after GC invocations=3418 (full 6):
 PSYoungGen      total 6656K, used 1249K [0x00000000d5580000, 0x00000000d5d80000, 0x0000000100000000)
  eden space 5120K, 0% used [0x00000000d5580000,0x00000000d5580000,0x00000000d5a80000)
  from space 1536K, 81% used [0x00000000d5c00000,0x00000000d5d38660,0x00000000d5d80000)
  to   space 1536K, 0% used [0x00000000d5a80000,0x00000000d5a80000,0x00000000d5c00000)
 ParOldGen       total 1140224K, used 1139813K [0x0000000080000000, 0x00000000c5980000, 0x00000000d5580000)
  object space 1140224K, 99% used [0x0000000080000000,0x00000000c59196d0,0x00000000c5980000)
 Metaspace       used 86196K, committed 87872K, reserved 1179648K
  class space    used 8510K, committed 9344K, reserved 1048576K
}
Event: 4291.362 GC heap before
{Heap before GC invocations=3419 (full 6):
 PSYoungGen      total 6656K, used 6369K [0x00000000d5580000, 0x00000000d5d80000, 0x0000000100000000)
  eden space 5120K, 100% used [0x00000000d5580000,0x00000000d5a80000,0x00000000d5a80000)
  from space 1536K, 81% used [0x00000000d5c00000,0x00000000d5d38660,0x00000000d5d80000)
  to   space 1536K, 0% used [0x00000000d5a80000,0x00000000d5a80000,0x00000000d5c00000)
 ParOldGen       total 1140224K, used 1139813K [0x0000000080000000, 0x00000000c5980000, 0x00000000d5580000)
  object space 1140224K, 99% used [0x0000000080000000,0x00000000c59196d0,0x00000000c5980000)
 Metaspace       used 86196K, committed 87872K, reserved 1179648K
  class space    used 8510K, committed 9344K, reserved 1048576K
}
Event: 4291.364 GC heap after
{Heap after GC invocations=3419 (full 6):
 PSYoungGen      total 6656K, used 768K [0x00000000d5580000, 0x00000000d5d80000, 0x0000000100000000)
  eden space 5120K, 0% used [0x00000000d5580000,0x00000000d5580000,0x00000000d5a80000)
  from space 1536K, 50% used [0x00000000d5a80000,0x00000000d5b40000,0x00000000d5c00000)
  to   space 1024K, 0% used [0x00000000d5c80000,0x00000000d5c80000,0x00000000d5d80000)
 ParOldGen       total 1141248K, used 1140933K [0x0000000080000000, 0x00000000c5a80000, 0x00000000d5580000)
  object space 1141248K, 99% used [0x0000000080000000,0x00000000c5a31650,0x00000000c5a80000)
 Metaspace       used 86196K, committed 87872K, reserved 1179648K
  class space    used 8510K, committed 9344K, reserved 1048576K
}
Event: 4291.374 GC heap before
{Heap before GC invocations=3420 (full 6):
 PSYoungGen      total 6656K, used 5888K [0x00000000d5580000, 0x00000000d5d80000, 0x0000000100000000)
  eden space 5120K, 100% used [0x00000000d5580000,0x00000000d5a80000,0x00000000d5a80000)
  from space 1536K, 50% used [0x00000000d5a80000,0x00000000d5b40000,0x00000000d5c00000)
  to   space 1024K, 0% used [0x00000000d5c80000,0x00000000d5c80000,0x00000000d5d80000)
 ParOldGen       total 1141248K, used 1140933K [0x0000000080000000, 0x00000000c5a80000, 0x00000000d5580000)
  object space 1141248K, 99% used [0x0000000080000000,0x00000000c5a31650,0x00000000c5a80000)
 Metaspace       used 86196K, committed 87872K, reserved 1179648K
  class space    used 8510K, committed 9344K, reserved 1048576K
}
Event: 4291.375 GC heap after
{Heap after GC invocations=3420 (full 6):
 PSYoungGen      total 6144K, used 980K [0x00000000d5580000, 0x00000000d5d80000, 0x0000000100000000)
  eden space 5120K, 0% used [0x00000000d5580000,0x00000000d5580000,0x00000000d5a80000)
  from space 1024K, 95% used [0x00000000d5c80000,0x00000000d5d75200,0x00000000d5d80000)
  to   space 1024K, 0% used [0x00000000d5b80000,0x00000000d5b80000,0x00000000d5c80000)
 ParOldGen       total 1141760K, used 1141565K [0x0000000080000000, 0x00000000c5b00000, 0x00000000d5580000)
  object space 1141760K, 99% used [0x0000000080000000,0x00000000c5acf650,0x00000000c5b00000)
 Metaspace       used 86196K, committed 87872K, reserved 1179648K
  class space    used 8510K, committed 9344K, reserved 1048576K
}
Event: 4291.383 GC heap before
{Heap before GC invocations=3421 (full 6):
 PSYoungGen      total 6144K, used 6100K [0x00000000d5580000, 0x00000000d5d80000, 0x0000000100000000)
  eden space 5120K, 100% used [0x00000000d5580000,0x00000000d5a80000,0x00000000d5a80000)
  from space 1024K, 95% used [0x00000000d5c80000,0x00000000d5d75200,0x00000000d5d80000)
  to   space 1024K, 0% used [0x00000000d5b80000,0x00000000d5b80000,0x00000000d5c80000)
 ParOldGen       total 1141760K, used 1141565K [0x0000000080000000, 0x00000000c5b00000, 0x00000000d5580000)
  object space 1141760K, 99% used [0x0000000080000000,0x00000000c5acf650,0x00000000c5b00000)
 Metaspace       used 86196K, committed 87872K, reserved 1179648K
  class space    used 8510K, committed 9344K, reserved 1048576K
}
Event: 4291.385 GC heap after
{Heap after GC invocations=3421 (full 6):
 PSYoungGen      total 6144K, used 999K [0x00000000d5580000, 0x00000000d5d00000, 0x0000000100000000)
  eden space 5120K, 0% used [0x00000000d5580000,0x00000000d5580000,0x00000000d5a80000)
  from space 1024K, 97% used [0x00000000d5b80000,0x00000000d5c79d60,0x00000000d5c80000)
  to   space 512K, 0% used [0x00000000d5c80000,0x00000000d5c80000,0x00000000d5d00000)
 ParOldGen       total 1142784K, used 1142412K [0x0000000080000000, 0x00000000c5c00000, 0x00000000d5580000)
  object space 1142784K, 99% used [0x0000000080000000,0x00000000c5ba3208,0x00000000c5c00000)
 Metaspace       used 86196K, committed 87872K, reserved 1179648K
  class space    used 8510K, committed 9344K, reserved 1048576K
}
Event: 4291.391 GC heap before
{Heap before GC invocations=3422 (full 6):
 PSYoungGen      total 6144K, used 6119K [0x00000000d5580000, 0x00000000d5d00000, 0x0000000100000000)
  eden space 5120K, 100% used [0x00000000d5580000,0x00000000d5a80000,0x00000000d5a80000)
  from space 1024K, 97% used [0x00000000d5b80000,0x00000000d5c79d60,0x00000000d5c80000)
  to   space 512K, 0% used [0x00000000d5c80000,0x00000000d5c80000,0x00000000d5d00000)
 ParOldGen       total 1142784K, used 1142412K [0x0000000080000000, 0x00000000c5c00000, 0x00000000d5580000)
  object space 1142784K, 99% used [0x0000000080000000,0x00000000c5ba3208,0x00000000c5c00000)
 Metaspace       used 86196K, committed 87872K, reserved 1179648K
  class space    used 8510K, committed 9344K, reserved 1048576K
}
Event: 4291.393 GC heap after
{Heap after GC invocations=3422 (full 6):
 PSYoungGen      total 5632K, used 512K [0x00000000d5580000, 0x00000000d5f80000, 0x0000000100000000)
  eden space 5120K, 0% used [0x00000000d5580000,0x00000000d5580000,0x00000000d5a80000)
  from space 512K, 100% used [0x00000000d5c80000,0x00000000d5d00000,0x00000000d5d00000)
  to   space 2048K, 0% used [0x00000000d5a80000,0x00000000d5a80000,0x00000000d5c80000)
 ParOldGen       total 1143808K, used 1143643K [0x0000000080000000, 0x00000000c5d00000, 0x00000000d5580000)
  object space 1143808K, 99% used [0x0000000080000000,0x00000000c5cd6f78,0x00000000c5d00000)
 Metaspace       used 86196K, committed 87872K, reserved 1179648K
  class space    used 8510K, committed 9344K, reserved 1048576K
}
Event: 4293.271 GC heap before
{Heap before GC invocations=3423 (full 6):
 PSYoungGen      total 5632K, used 5631K [0x00000000d5580000, 0x00000000d5f80000, 0x0000000100000000)
  eden space 5120K, 99% used [0x00000000d5580000,0x00000000d5a7fff8,0x00000000d5a80000)
  from space 512K, 100% used [0x00000000d5c80000,0x00000000d5d00000,0x00000000d5d00000)
  to   space 2048K, 0% used [0x00000000d5a80000,0x00000000d5a80000,0x00000000d5c80000)
 ParOldGen       total 1143808K, used 1143643K [0x0000000080000000, 0x00000000c5d00000, 0x00000000d5580000)
  object space 1143808K, 99% used [0x0000000080000000,0x00000000c5cd6f78,0x00000000c5d00000)
 Metaspace       used 86196K, committed 87872K, reserved 1179648K
  class space    used 8510K, committed 9344K, reserved 1048576K
}
Event: 4293.272 GC heap after
{Heap after GC invocations=3423 (full 6):
 PSYoungGen      total 6144K, used 867K [0x00000000d5580000, 0x00000000d5d80000, 0x0000000100000000)
  eden space 5120K, 0% used [0x00000000d5580000,0x00000000d5580000,0x00000000d5a80000)
  from space 1024K, 84% used [0x00000000d5a80000,0x00000000d5b58ca0,0x00000000d5b80000)
  to   space 1536K, 0% used [0x00000000d5c00000,0x00000000d5c00000,0x00000000d5d80000)
 ParOldGen       total 1144320K, used 1144171K [0x0000000080000000, 0x00000000c5d80000, 0x00000000d5580000)
  object space 1144320K, 99% used [0x0000000080000000,0x00000000c5d5af78,0x00000000c5d80000)
 Metaspace       used 86196K, committed 87872K, reserved 1179648K
  class space    used 8510K, committed 9344K, reserved 1048576K
}
Event: 4293.278 GC heap before
{Heap before GC invocations=3424 (full 6):
 PSYoungGen      total 6144K, used 5987K [0x00000000d5580000, 0x00000000d5d80000, 0x0000000100000000)
  eden space 5120K, 99% used [0x00000000d5580000,0x00000000d5a7fff0,0x00000000d5a80000)
  from space 1024K, 84% used [0x00000000d5a80000,0x00000000d5b58ca0,0x00000000d5b80000)
  to   space 1536K, 0% used [0x00000000d5c00000,0x00000000d5c00000,0x00000000d5d80000)
 ParOldGen       total 1144320K, used 1144171K [0x0000000080000000, 0x00000000c5d80000, 0x00000000d5580000)
  object space 1144320K, 99% used [0x0000000080000000,0x00000000c5d5af78,0x00000000c5d80000)
 Metaspace       used 86196K, committed 87872K, reserved 1179648K
  class space    used 8510K, committed 9344K, reserved 1048576K
}
Event: 4293.279 GC heap after
{Heap after GC invocations=3424 (full 6):
 PSYoungGen      total 6144K, used 864K [0x00000000d5580000, 0x00000000d5d00000, 0x0000000100000000)
  eden space 5120K, 0% used [0x00000000d5580000,0x00000000d5580000,0x00000000d5a80000)
  from space 1024K, 84% used [0x00000000d5c00000,0x00000000d5cd8020,0x00000000d5d00000)
  to   space 1024K, 0% used [0x00000000d5a80000,0x00000000d5a80000,0x00000000d5b80000)
 ParOldGen       total 1145344K, used 1144955K [0x0000000080000000, 0x00000000c5e80000, 0x00000000d5580000)
  object space 1145344K, 99% used [0x0000000080000000,0x00000000c5e1ef18,0x00000000c5e80000)
 Metaspace       used 86196K, committed 87872K, reserved 1179648K
  class space    used 8510K, committed 9344K, reserved 1048576K
}
Event: 4293.284 GC heap before
{Heap before GC invocations=3425 (full 6):
 PSYoungGen      total 6144K, used 5984K [0x00000000d5580000, 0x00000000d5d00000, 0x0000000100000000)
  eden space 5120K, 100% used [0x00000000d5580000,0x00000000d5a80000,0x00000000d5a80000)
  from space 1024K, 84% used [0x00000000d5c00000,0x00000000d5cd8020,0x00000000d5d00000)
  to   space 1024K, 0% used [0x00000000d5a80000,0x00000000d5a80000,0x00000000d5b80000)
 ParOldGen       total 1145344K, used 1144955K [0x0000000080000000, 0x00000000c5e80000, 0x00000000d5580000)
  object space 1145344K, 99% used [0x0000000080000000,0x00000000c5e1ef18,0x00000000c5e80000)
 Metaspace       used 86196K, committed 87872K, reserved 1179648K
  class space    used 8510K, committed 9344K, reserved 1048576K
}
Event: 4293.286 GC heap after
{Heap after GC invocations=3425 (full 6):
 PSYoungGen      total 6144K, used 800K [0x00000000d5580000, 0x00000000d5c80000, 0x0000000100000000)
  eden space 5120K, 0% used [0x00000000d5580000,0x00000000d5580000,0x00000000d5a80000)
  from space 1024K, 78% used [0x00000000d5a80000,0x00000000d5b48000,0x00000000d5b80000)
  to   space 1024K, 0% used [0x00000000d5b80000,0x00000000d5b80000,0x00000000d5c80000)
 ParOldGen       total 1145856K, used 1145699K [0x0000000080000000, 0x00000000c5f00000, 0x00000000d5580000)
  object space 1145856K, 99% used [0x0000000080000000,0x00000000c5ed8f48,0x00000000c5f00000)
 Metaspace       used 86196K, committed 87872K, reserved 1179648K
  class space    used 8510K, committed 9344K, reserved 1048576K
}
Event: 4293.293 GC heap before
{Heap before GC invocations=3426 (full 6):
 PSYoungGen      total 6144K, used 5920K [0x00000000d5580000, 0x00000000d5c80000, 0x0000000100000000)
  eden space 5120K, 100% used [0x00000000d5580000,0x00000000d5a80000,0x00000000d5a80000)
  from space 1024K, 78% used [0x00000000d5a80000,0x00000000d5b48000,0x00000000d5b80000)
  to   space 1024K, 0% used [0x00000000d5b80000,0x00000000d5b80000,0x00000000d5c80000)
 ParOldGen       total 1145856K, used 1145699K [0x0000000080000000, 0x00000000c5f00000, 0x00000000d5580000)
  object space 1145856K, 99% used [0x0000000080000000,0x00000000c5ed8f48,0x00000000c5f00000)
 Metaspace       used 86196K, committed 87872K, reserved 1179648K
  class space    used 8510K, committed 9344K, reserved 1048576K
}
Event: 4293.295 GC heap after
{Heap after GC invocations=3426 (full 6):
 PSYoungGen      total 5120K, used 1008K [0x00000000d5580000, 0x00000000d5e80000, 0x0000000100000000)
  eden space 4096K, 0% used [0x00000000d5580000,0x00000000d5580000,0x00000000d5980000)
  from space 1024K, 98% used [0x00000000d5b80000,0x00000000d5c7c010,0x00000000d5c80000)
  to   space 2048K, 0% used [0x00000000d5980000,0x00000000d5980000,0x00000000d5b80000)
 ParOldGen       total 1146368K, used 1146339K [0x0000000080000000, 0x00000000c5f80000, 0x00000000d5580000)
  object space 1146368K, 99% used [0x0000000080000000,0x00000000c5f78f58,0x00000000c5f80000)
 Metaspace       used 86196K, committed 87872K, reserved 1179648K
  class space    used 8510K, committed 9344K, reserved 1048576K
}

Dll operation events (12 events):
Event: 0.009 Loaded shared library c:\Users\Kevin\.vscode\extensions\redhat.java-1.50.0-win32-x64\jre\21.0.9-win32-x86_64\bin\java.dll
Event: 0.075 Loaded shared library c:\Users\Kevin\.vscode\extensions\redhat.java-1.50.0-win32-x64\jre\21.0.9-win32-x86_64\bin\zip.dll
Event: 0.098 Loaded shared library C:\Users\Kevin\.vscode\extensions\redhat.java-1.50.0-win32-x64\jre\21.0.9-win32-x86_64\bin\instrument.dll
Event: 0.135 Loaded shared library C:\Users\Kevin\.vscode\extensions\redhat.java-1.50.0-win32-x64\jre\21.0.9-win32-x86_64\bin\net.dll
Event: 0.186 Loaded shared library C:\Users\Kevin\.vscode\extensions\redhat.java-1.50.0-win32-x64\jre\21.0.9-win32-x86_64\bin\nio.dll
Event: 0.190 Loaded shared library C:\Users\Kevin\.vscode\extensions\redhat.java-1.50.0-win32-x64\jre\21.0.9-win32-x86_64\bin\zip.dll
Event: 0.221 Loaded shared library C:\Users\Kevin\.vscode\extensions\redhat.java-1.50.0-win32-x64\jre\21.0.9-win32-x86_64\bin\jimage.dll
Event: 0.410 Loaded shared library c:\Users\Kevin\.vscode\extensions\redhat.java-1.50.0-win32-x64\jre\21.0.9-win32-x86_64\bin\verify.dll
Event: 6.120 Loaded shared library C:\Users\Kevin\AppData\Roaming\Code\User\globalStorage\redhat.java\1.50.0\config_win\org.eclipse.equinox.launcher\org.eclipse.equinox.launcher.win32.win32.x86_64_1.2.1400.v20250801-0854\eclipse_11916.dll
Event: 16.844 Loaded shared library C:\Users\Kevin\AppData\Local\Temp\jna-72389729\jna14958770570122330879.dll
Event: 18.722 Loaded shared library C:\Users\Kevin\.vscode\extensions\redhat.java-1.50.0-win32-x64\jre\21.0.9-win32-x86_64\bin\sunmscapi.dll
Event: 19.376 Loaded shared library C:\Users\Kevin\.vscode\extensions\redhat.java-1.50.0-win32-x64\jre\21.0.9-win32-x86_64\bin\extnet.dll

Deoptimization events (20 events):
Event: 4290.617 Thread 0x000001c8de287350 Uncommon trap: trap_request=0xffffffc6 fr.pc=0x000001c88852d2c0 relative=0x0000000000001380
Event: 4290.617 Thread 0x000001c8de287350 Uncommon trap: reason=bimorphic_or_optimized_type_check action=maybe_recompile pc=0x000001c88852d2c0 method=org.eclipse.jdt.internal.compiler.parser.Parser.consumeRule(I)V @ 6240 c2
Event: 4290.617 Thread 0x000001c8de287350 DEOPT PACKING pc=0x000001c88852d2c0 sp=0x00000093288fed10
Event: 4290.617 Thread 0x000001c8de287350 DEOPT UNPACKING pc=0x000001c8874a3aa2 sp=0x00000093288fec98 mode 2
Event: 4290.669 Thread 0x000001c8de287350 Uncommon trap: trap_request=0xffffff45 fr.pc=0x000001c8888e00b8 relative=0x0000000000000e78
Event: 4290.669 Thread 0x000001c8de287350 Uncommon trap: reason=unstable_if action=reinterpret pc=0x000001c8888e00b8 method=org.eclipse.jdt.internal.compiler.lookup.Scope.findDefaultAbstractMethod(Lorg/eclipse/jdt/internal/compiler/lookup/ReferenceBinding;[C[Lorg/eclipse/jdt/internal/compiler/loo
Event: 4290.669 Thread 0x000001c8de287350 DEOPT PACKING pc=0x000001c8888e00b8 sp=0x00000093288fe670
Event: 4290.669 Thread 0x000001c8de287350 DEOPT UNPACKING pc=0x000001c8874a3aa2 sp=0x00000093288fe5e8 mode 2
Event: 4293.270 Thread 0x000001c8de28c8a0 Uncommon trap: trap_request=0xffffffe4 fr.pc=0x000001c8884ee3a8 relative=0x00000000000004a8
Event: 4293.270 Thread 0x000001c8de28c8a0 Uncommon trap: reason=range_check action=make_not_entrant pc=0x000001c8884ee3a8 method=org.eclipse.jdt.internal.compiler.parser.Scanner.pushLineSeparator()V @ 104 c2
Event: 4293.270 Thread 0x000001c8de28c8a0 DEOPT PACKING pc=0x000001c8884ee3a8 sp=0x0000009327dfea40
Event: 4293.270 Thread 0x000001c8de28c8a0 DEOPT UNPACKING pc=0x000001c8874a3aa2 sp=0x0000009327dfe9e0 mode 2
Event: 4293.270 Thread 0x000001c8de28c8a0 Uncommon trap: trap_request=0xffffff45 fr.pc=0x000001c8893383a4 relative=0x0000000000002724
Event: 4293.270 Thread 0x000001c8de28c8a0 Uncommon trap: reason=unstable_if action=reinterpret pc=0x000001c8893383a4 method=org.eclipse.jdt.ls.core.internal.handlers.FoldingRangeHandler.computeMethodRanges(Ljava/util/List;Lorg/eclipse/jdt/core/IMember;Lorg/eclipse/jdt/core/compiler/IScanner;)V @ 
Event: 4293.270 Thread 0x000001c8de28c8a0 DEOPT PACKING pc=0x000001c8893383a4 sp=0x0000009327dfe8b0
Event: 4293.270 Thread 0x000001c8de28c8a0 DEOPT UNPACKING pc=0x000001c8874a3aa2 sp=0x0000009327dfe8b8 mode 2
Event: 4293.298 Thread 0x000001c8de28e2e0 Uncommon trap: trap_request=0xffffffde fr.pc=0x000001c887e4f014 relative=0x0000000000001614
Event: 4293.298 Thread 0x000001c8de28e2e0 Uncommon trap: reason=class_check action=maybe_recompile pc=0x000001c887e4f014 method=org.eclipse.jdt.core.dom.ASTConverter.convert(Lorg/eclipse/jdt/internal/compiler/ast/Expression;)Lorg/eclipse/jdt/core/dom/Expression; @ 823 c2
Event: 4293.298 Thread 0x000001c8de28e2e0 DEOPT PACKING pc=0x000001c887e4f014 sp=0x0000009327bfc1a0
Event: 4293.298 Thread 0x000001c8de28e2e0 DEOPT UNPACKING pc=0x000001c8874a3aa2 sp=0x0000009327bfc1a8 mode 2

Classes loaded (20 events):
Event: 317.631 Loading class java/util/stream/Nodes$AbstractConcNode done
Event: 317.631 Loading class java/util/stream/Nodes$ConcNode done
Event: 317.639 Loading class java/io/ObjectOutputStream$BlockDataOutputStream
Event: 317.639 Loading class java/io/ObjectOutputStream$BlockDataOutputStream done
Event: 317.639 Loading class java/io/ObjectOutputStream$HandleTable
Event: 317.639 Loading class java/io/ObjectOutputStream$HandleTable done
Event: 317.639 Loading class java/io/ObjectOutputStream$ReplaceTable
Event: 317.639 Loading class java/io/ObjectOutputStream$ReplaceTable done
Event: 412.985 Loading class java/io/CharArrayReader
Event: 412.986 Loading class java/io/CharArrayReader done
Event: 412.986 Loading class java/util/regex/Pattern$Bound
Event: 412.986 Loading class java/util/regex/Pattern$Bound done
Event: 447.828 Loading class java/util/stream/ReferencePipeline$15
Event: 447.828 Loading class java/util/stream/ReferencePipeline$15 done
Event: 447.828 Loading class java/util/stream/ReferencePipeline$15$1
Event: 447.828 Loading class java/util/stream/ReferencePipeline$15$1 done
Event: 2655.031 Loading class java/lang/StringLatin1$CharsSpliterator
Event: 2655.032 Loading class java/lang/StringLatin1$CharsSpliterator done
Event: 2707.849 Loading class java/nio/channels/CompletionHandler
Event: 2707.849 Loading class java/nio/channels/CompletionHandler done

Classes unloaded (20 events):
Event: 2813.797 Thread 0x000001c8fafbebf0 Unloading class 0x000001c894016400 'java/lang/invoke/LambdaForm$MH+0x000001c894016400'
Event: 2813.797 Thread 0x000001c8fafbebf0 Unloading class 0x000001c894014800 'java/lang/invoke/LambdaForm$MH+0x000001c894014800'
Event: 2813.797 Thread 0x000001c8fafbebf0 Unloading class 0x000001c89400d800 'java/lang/invoke/LambdaForm$MH+0x000001c89400d800'
Event: 2813.797 Thread 0x000001c8fafbebf0 Unloading class 0x000001c89400d400 'java/lang/invoke/LambdaForm$MH+0x000001c89400d400'
Event: 2813.797 Thread 0x000001c8fafbebf0 Unloading class 0x000001c89400d000 'java/lang/invoke/LambdaForm$MH+0x000001c89400d000'
Event: 2813.797 Thread 0x000001c8fafbebf0 Unloading class 0x000001c89400cc00 'java/lang/invoke/LambdaForm$MH+0x000001c89400cc00'
Event: 2813.797 Thread 0x000001c8fafbebf0 Unloading class 0x000001c89400c800 'java/lang/invoke/LambdaForm$BMH+0x000001c89400c800'
Event: 2813.797 Thread 0x000001c8fafbebf0 Unloading class 0x000001c89400c000 'java/lang/invoke/LambdaForm$DMH+0x000001c89400c000'
Event: 2813.797 Thread 0x000001c8fafbebf0 Unloading class 0x000001c894008c00 'java/lang/invoke/LambdaForm$MH+0x000001c894008c00'
Event: 2813.797 Thread 0x000001c8fafbebf0 Unloading class 0x000001c894008800 'java/lang/invoke/LambdaForm$MH+0x000001c894008800'
Event: 2813.797 Thread 0x000001c8fafbebf0 Unloading class 0x000001c894008400 'java/lang/invoke/LambdaForm$MH+0x000001c894008400'
Event: 2813.797 Thread 0x000001c8fafbebf0 Unloading class 0x000001c894007000 'java/lang/invoke/LambdaForm$MH+0x000001c894007000'
Event: 2813.797 Thread 0x000001c8fafbebf0 Unloading class 0x000001c894006800 'java/lang/invoke/LambdaForm$MH+0x000001c894006800'
Event: 2813.797 Thread 0x000001c8fafbebf0 Unloading class 0x000001c894006400 'java/lang/invoke/LambdaForm$MH+0x000001c894006400'
Event: 2813.797 Thread 0x000001c8fafbebf0 Unloading class 0x000001c894006000 'java/lang/invoke/LambdaForm$MH+0x000001c894006000'
Event: 2813.797 Thread 0x000001c8fafbebf0 Unloading class 0x000001c894005c00 'java/lang/invoke/LambdaForm$BMH+0x000001c894005c00'
Event: 2813.797 Thread 0x000001c8fafbebf0 Unloading class 0x000001c894004800 'java/lang/invoke/LambdaForm$DMH+0x000001c894004800'
Event: 2813.797 Thread 0x000001c8fafbebf0 Unloading class 0x000001c894002400 'java/lang/invoke/LambdaForm$MH+0x000001c894002400'
Event: 2813.797 Thread 0x000001c8fafbebf0 Unloading class 0x000001c894002000 'java/lang/invoke/LambdaForm$MH+0x000001c894002000'
Event: 2813.797 Thread 0x000001c8fafbebf0 Unloading class 0x000001c894001800 'java/lang/invoke/LambdaForm$MH+0x000001c894001800'

Classes redefined (0 events):
No events

Internal exceptions (20 events):
Event: 3631.777 Thread 0x000001c8da520740 Exception <a 'sun/nio/fs/WindowsException'{0x00000000d59521d8}> (0x00000000d59521d8) 
thrown [s\src\hotspot\share\prims\jni.cpp, line 520]
Event: 3631.948 Thread 0x000001c8da520740 Exception <a 'sun/nio/fs/WindowsException'{0x00000000d596a4c8}> (0x00000000d596a4c8) 
thrown [s\src\hotspot\share\prims\jni.cpp, line 520]
Event: 3634.572 Thread 0x000001c8dca721f0 Exception <a 'sun/nio/fs/WindowsException'{0x00000000d5621160}> (0x00000000d5621160) 
thrown [s\src\hotspot\share\prims\jni.cpp, line 520]
Event: 3634.572 Thread 0x000001c8dca721f0 Exception <a 'sun/nio/fs/WindowsException'{0x00000000d56215f0}> (0x00000000d56215f0) 
thrown [s\src\hotspot\share\prims\jni.cpp, line 520]
Event: 3638.958 Thread 0x000001c8da520740 Exception <a 'sun/nio/fs/WindowsException'{0x00000000d57a8ec0}> (0x00000000d57a8ec0) 
thrown [s\src\hotspot\share\prims\jni.cpp, line 520]
Event: 3639.125 Thread 0x000001c8da520740 Exception <a 'sun/nio/fs/WindowsException'{0x00000000d5959e60}> (0x00000000d5959e60) 
thrown [s\src\hotspot\share\prims\jni.cpp, line 520]
Event: 3680.142 Thread 0x000001c8da520740 Exception <a 'sun/nio/fs/WindowsException'{0x00000000d55a61d8}> (0x00000000d55a61d8) 
thrown [s\src\hotspot\share\prims\jni.cpp, line 520]
Event: 3680.312 Thread 0x000001c8da520740 Exception <a 'sun/nio/fs/WindowsException'{0x00000000d5850748}> (0x00000000d5850748) 
thrown [s\src\hotspot\share\prims\jni.cpp, line 520]
Event: 3682.929 Thread 0x000001c8dca721f0 Exception <a 'sun/nio/fs/WindowsException'{0x00000000d56d0dc0}> (0x00000000d56d0dc0) 
thrown [s\src\hotspot\share\prims\jni.cpp, line 520]
Event: 3682.929 Thread 0x000001c8dca721f0 Exception <a 'sun/nio/fs/WindowsException'{0x00000000d56d1250}> (0x00000000d56d1250) 
thrown [s\src\hotspot\share\prims\jni.cpp, line 520]
Event: 3716.055 Thread 0x000001c8da520740 Exception <a 'sun/nio/fs/WindowsException'{0x00000000d5a32ed8}> (0x00000000d5a32ed8) 
thrown [s\src\hotspot\share\prims\jni.cpp, line 520]
Event: 3716.223 Thread 0x000001c8da520740 Exception <a 'sun/nio/fs/WindowsException'{0x00000000d58c1fe0}> (0x00000000d58c1fe0) 
thrown [s\src\hotspot\share\prims\jni.cpp, line 520]
Event: 3773.786 Thread 0x000001c8ebefbe40 Exception <a 'sun/nio/fs/WindowsException'{0x00000000d56f4398}> (0x00000000d56f4398) 
thrown [s\src\hotspot\share\prims\jni.cpp, line 520]
Event: 3773.786 Thread 0x000001c8ebefbe40 Exception <a 'sun/nio/fs/WindowsException'{0x00000000d56f4d58}> (0x00000000d56f4d58) 
thrown [s\src\hotspot\share\prims\jni.cpp, line 520]
Event: 4289.458 Thread 0x000001c8de28a140 Implicit null exception at 0x000001c888430cb5 to 0x000001c888430f28
Event: 4290.504 Thread 0x000001c8da520740 Exception <a 'sun/nio/fs/WindowsException'{0x00000000d59de588}> (0x00000000d59de588) 
thrown [s\src\hotspot\share\prims\jni.cpp, line 520]
Event: 4290.682 Thread 0x000001c8da520740 Exception <a 'sun/nio/fs/WindowsException'{0x00000000d59f7d78}> (0x00000000d59f7d78) 
thrown [s\src\hotspot\share\prims\jni.cpp, line 520]
Event: 4293.268 Thread 0x000001c8dca721f0 Exception <a 'sun/nio/fs/WindowsException'{0x00000000d581aaf0}> (0x00000000d581aaf0) 
thrown [s\src\hotspot\share\prims\jni.cpp, line 520]
Event: 4293.268 Thread 0x000001c8dca721f0 Exception <a 'sun/nio/fs/WindowsException'{0x00000000d581af80}> (0x00000000d581af80) 
thrown [s\src\hotspot\share\prims\jni.cpp, line 520]
Event: 4293.270 Thread 0x000001c8de28c8a0 Exception <a 'java/lang/ArrayIndexOutOfBoundsException'{0x00000000d5896b98}: Index 20119 out of bounds for length 20118> (0x00000000d5896b98) 
thrown [s\src\hotspot\share\interpreter\interpreterRuntime.cpp, line 439]

ZGC Phase Switch (0 events):
No events

VM Operations (20 events):
Event: 4293.293 Executing VM operation: ParallelGCFailedAllocation (Allocation Failure)
Event: 4293.295 Executing VM operation: ParallelGCFailedAllocation (Allocation Failure) done
Event: 4294.297 Executing VM operation: Cleanup
Event: 4294.297 Executing VM operation: Cleanup done
Event: 4329.899 Executing VM operation: HandshakeAllThreads (HandshakeForDeflation)
Event: 4329.899 Executing VM operation: HandshakeAllThreads (HandshakeForDeflation) done
Event: 4329.899 Executing VM operation: RendezvousGCThreads
Event: 4329.899 Executing VM operation: RendezvousGCThreads done
Event: 4390.064 Executing VM operation: HandshakeAllThreads (HandshakeForDeflation)
Event: 4390.064 Executing VM operation: HandshakeAllThreads (HandshakeForDeflation) done
Event: 4390.064 Executing VM operation: RendezvousGCThreads
Event: 4390.064 Executing VM operation: RendezvousGCThreads done
Event: 4450.140 Executing VM operation: HandshakeAllThreads (HandshakeForDeflation)
Event: 4450.140 Executing VM operation: HandshakeAllThreads (HandshakeForDeflation) done
Event: 4450.140 Executing VM operation: RendezvousGCThreads
Event: 4450.140 Executing VM operation: RendezvousGCThreads done
Event: 4510.258 Executing VM operation: HandshakeAllThreads (HandshakeForDeflation)
Event: 4510.258 Executing VM operation: HandshakeAllThreads (HandshakeForDeflation) done
Event: 4510.258 Executing VM operation: RendezvousGCThreads
Event: 4510.258 Executing VM operation: RendezvousGCThreads done

Memory protections (0 events):
No events

Nmethod flushes (20 events):
Event: 2813.904 Thread 0x000001c8fafbebf0 flushing  nmethod 0x000001c882f08210
Event: 2813.904 Thread 0x000001c8fafbebf0 flushing  nmethod 0x000001c882f39190
Event: 2813.904 Thread 0x000001c8fafbebf0 flushing  nmethod 0x000001c882f3a190
Event: 2813.904 Thread 0x000001c8fafbebf0 flushing  nmethod 0x000001c882fa1110
Event: 2813.904 Thread 0x000001c8fafbebf0 flushing  nmethod 0x000001c883063e90
Event: 2813.904 Thread 0x000001c8fafbebf0 flushing  nmethod 0x000001c883065690
Event: 2813.904 Thread 0x000001c8fafbebf0 flushing  nmethod 0x000001c883077510
Event: 2813.904 Thread 0x000001c8fafbebf0 flushing  nmethod 0x000001c88307be90
Event: 2813.904 Thread 0x000001c8fafbebf0 flushing  nmethod 0x000001c8830bc410
Event: 2813.904 Thread 0x000001c8fafbebf0 flushing  nmethod 0x000001c8830bea90
Event: 2813.904 Thread 0x000001c8fafbebf0 flushing  nmethod 0x000001c8830bee10
Event: 2813.904 Thread 0x000001c8fafbebf0 flushing  nmethod 0x000001c8830c0210
Event: 2813.904 Thread 0x000001c8fafbebf0 flushing  nmethod 0x000001c8830c0990
Event: 2813.904 Thread 0x000001c8fafbebf0 flushing osr nmethod 0x000001c8830d8590
Event: 2813.904 Thread 0x000001c8fafbebf0 flushing  nmethod 0x000001c8830eb690
Event: 2813.904 Thread 0x000001c8fafbebf0 flushing  nmethod 0x000001c8830f8f10
Event: 2813.904 Thread 0x000001c8fafbebf0 flushing  nmethod 0x000001c883132890
Event: 2813.904 Thread 0x000001c8fafbebf0 flushing osr nmethod 0x000001c88313df10
Event: 2813.904 Thread 0x000001c8fafbebf0 flushing  nmethod 0x000001c883164610
Event: 2813.904 Thread 0x000001c8fafbebf0 flushing  nmethod 0x000001c883177c10

Events (20 events):
Event: 4290.599 Thread 0x000001c8d4085430 Thread added: 0x000001c8e71dcaa0
Event: 4290.609 Thread 0x000001c8de288d90 Thread added: 0x000001c8de289ab0
Event: 4290.616 Thread 0x000001c8de288d90 Thread added: 0x000001c8de287350
Event: 4290.643 Thread 0x000001c8de288d90 Thread added: 0x000001c8de106600
Event: 4290.643 Thread 0x000001c8de288d90 Thread added: 0x000001c8de106c90
Event: 4290.671 Thread 0x000001c8de288d90 Thread added: 0x000001c8de107320
Event: 4290.671 Thread 0x000001c8de288d90 Thread added: 0x000001c8de105250
Event: 4290.671 Thread 0x000001c8de288d90 Thread added: 0x000001c8de104530
Event: 4290.684 Thread 0x000001c8de28a140 Thread added: 0x000001c8de108040
Event: 4290.692 Thread 0x000001c8de288d90 Thread added: 0x000001c8de104bc0
Event: 4290.692 Thread 0x000001c8de288d90 Thread added: 0x000001c8de10a110
Event: 4290.692 Thread 0x000001c8de288d90 Thread added: 0x000001c8de10a7a0
Event: 4290.692 Thread 0x000001c8de288d90 Thread added: 0x000001c8de1086d0
Event: 4291.323 Thread 0x000001c8e71dcaa0 Thread exited: 0x000001c8e71dcaa0
Event: 4350.737 Thread 0x000001c8de287350 Thread exited: 0x000001c8de287350
Event: 4351.406 Thread 0x000001c8de108040 Thread exited: 0x000001c8de108040
Event: 4353.307 Thread 0x000001c8de28e2e0 Thread exited: 0x000001c8de28e2e0
Event: 4413.317 Thread 0x000001c8de28d5c0 Thread exited: 0x000001c8de28d5c0
Event: 4473.325 Thread 0x000001c8dca73c30 Thread exited: 0x000001c8dca73c30
Event: 4533.332 Thread 0x000001c8de28c8a0 Thread exited: 0x000001c8de28c8a0


Dynamic libraries:
0x00007ff64b2e0000 - 0x00007ff64b2ee000 	c:\Users\Kevin\.vscode\extensions\redhat.java-1.50.0-win32-x64\jre\21.0.9-win32-x86_64\bin\java.exe
0x00007ffc6afa0000 - 0x00007ffc6b207000 	C:\WINDOWS\SYSTEM32\ntdll.dll
0x00007ffc69930000 - 0x00007ffc699f9000 	C:\WINDOWS\System32\KERNEL32.DLL
0x00007ffc68940000 - 0x00007ffc68d2f000 	C:\WINDOWS\System32\KERNELBASE.dll
0x00007ffc68440000 - 0x00007ffc6858b000 	C:\WINDOWS\System32\ucrtbase.dll
0x00007ffc3ea30000 - 0x00007ffc3ea48000 	c:\Users\Kevin\.vscode\extensions\redhat.java-1.50.0-win32-x64\jre\21.0.9-win32-x86_64\bin\jli.dll
0x00007ffc3deb0000 - 0x00007ffc3dece000 	c:\Users\Kevin\.vscode\extensions\redhat.java-1.50.0-win32-x64\jre\21.0.9-win32-x86_64\bin\VCRUNTIME140.dll
0x00007ffc69010000 - 0x00007ffc691d5000 	C:\WINDOWS\System32\USER32.dll
0x00007ffc68410000 - 0x00007ffc68437000 	C:\WINDOWS\System32\win32u.dll
0x00007ffc4eae0000 - 0x00007ffc4ed73000 	C:\WINDOWS\WinSxS\amd64_microsoft.windows.common-controls_6595b64144ccf1df_6.0.26100.7309_none_3e05feeae336a044\COMCTL32.dll
0x00007ffc68fe0000 - 0x00007ffc6900b000 	C:\WINDOWS\System32\GDI32.dll
0x00007ffc69610000 - 0x00007ffc696b9000 	C:\WINDOWS\System32\msvcrt.dll
0x00007ffc681a0000 - 0x00007ffc682cc000 	C:\WINDOWS\System32\gdi32full.dll
0x00007ffc68360000 - 0x00007ffc68403000 	C:\WINDOWS\System32\msvcp_win.dll
0x00007ffc6a4a0000 - 0x00007ffc6a4d1000 	C:\WINDOWS\System32\IMM32.DLL
0x00007ffc57250000 - 0x00007ffc5725c000 	c:\Users\Kevin\.vscode\extensions\redhat.java-1.50.0-win32-x64\jre\21.0.9-win32-x86_64\bin\vcruntime140_1.dll
0x00007ffc08640000 - 0x00007ffc086cd000 	c:\Users\Kevin\.vscode\extensions\redhat.java-1.50.0-win32-x64\jre\21.0.9-win32-x86_64\bin\msvcp140.dll
0x00007ffbe9460000 - 0x00007ffbea200000 	c:\Users\Kevin\.vscode\extensions\redhat.java-1.50.0-win32-x64\jre\21.0.9-win32-x86_64\bin\server\jvm.dll
0x00007ffc68e00000 - 0x00007ffc68eb4000 	C:\WINDOWS\System32\ADVAPI32.dll
0x00007ffc68d50000 - 0x00007ffc68df6000 	C:\WINDOWS\System32\sechost.dll
0x00007ffc6ad30000 - 0x00007ffc6ae48000 	C:\WINDOWS\System32\RPCRT4.dll
0x00007ffc6ae50000 - 0x00007ffc6aec4000 	C:\WINDOWS\System32\WS2_32.dll
0x00007ffc67f70000 - 0x00007ffc67fce000 	C:\WINDOWS\SYSTEM32\POWRPROF.dll
0x00007ffc60300000 - 0x00007ffc60335000 	C:\WINDOWS\SYSTEM32\WINMM.dll
0x00007ffc60db0000 - 0x00007ffc60dbb000 	C:\WINDOWS\SYSTEM32\VERSION.dll
0x00007ffc67f30000 - 0x00007ffc67f44000 	C:\WINDOWS\SYSTEM32\UMPDC.dll
0x00007ffc66e60000 - 0x00007ffc66e7b000 	C:\WINDOWS\SYSTEM32\kernel.appcore.dll
0x00007ffc55170000 - 0x00007ffc5517a000 	c:\Users\Kevin\.vscode\extensions\redhat.java-1.50.0-win32-x64\jre\21.0.9-win32-x86_64\bin\jimage.dll
0x00007ffc5c1b0000 - 0x00007ffc5c3f2000 	C:\WINDOWS\SYSTEM32\DBGHELP.DLL
0x00007ffc69200000 - 0x00007ffc69585000 	C:\WINDOWS\System32\combase.dll
0x00007ffc69730000 - 0x00007ffc69806000 	C:\WINDOWS\System32\OLEAUT32.dll
0x00007ffc55430000 - 0x00007ffc5546c000 	C:\WINDOWS\SYSTEM32\dbgcore.DLL
0x00007ffc680f0000 - 0x00007ffc68195000 	C:\WINDOWS\System32\bcryptPrimitives.dll
0x00007ffc526b0000 - 0x00007ffc526bf000 	c:\Users\Kevin\.vscode\extensions\redhat.java-1.50.0-win32-x64\jre\21.0.9-win32-x86_64\bin\instrument.dll
0x00007ffc3ce80000 - 0x00007ffc3cea0000 	c:\Users\Kevin\.vscode\extensions\redhat.java-1.50.0-win32-x64\jre\21.0.9-win32-x86_64\bin\java.dll
0x00007ffc69d40000 - 0x00007ffc6a493000 	C:\WINDOWS\System32\SHELL32.dll
0x00007ffc68590000 - 0x00007ffc686fa000 	C:\WINDOWS\System32\wintypes.dll
0x00007ffc65cd0000 - 0x00007ffc6652e000 	C:\WINDOWS\SYSTEM32\windows.storage.dll
0x00007ffc68ee0000 - 0x00007ffc68fd5000 	C:\WINDOWS\System32\SHCORE.dll
0x00007ffc696c0000 - 0x00007ffc69726000 	C:\WINDOWS\System32\shlwapi.dll
0x00007ffc68010000 - 0x00007ffc68039000 	C:\WINDOWS\SYSTEM32\profapi.dll
0x00007ffc37510000 - 0x00007ffc37528000 	c:\Users\Kevin\.vscode\extensions\redhat.java-1.50.0-win32-x64\jre\21.0.9-win32-x86_64\bin\zip.dll
0x00007ffc50660000 - 0x00007ffc50670000 	C:\Users\Kevin\.vscode\extensions\redhat.java-1.50.0-win32-x64\jre\21.0.9-win32-x86_64\bin\net.dll
0x00007ffc5d7e0000 - 0x00007ffc5d908000 	C:\WINDOWS\SYSTEM32\WINHTTP.dll
0x00007ffc673b0000 - 0x00007ffc6741b000 	C:\WINDOWS\system32\mswsock.dll
0x00007ffc37c40000 - 0x00007ffc37c56000 	C:\Users\Kevin\.vscode\extensions\redhat.java-1.50.0-win32-x64\jre\21.0.9-win32-x86_64\bin\nio.dll
0x00007ffc4f4f0000 - 0x00007ffc4f500000 	c:\Users\Kevin\.vscode\extensions\redhat.java-1.50.0-win32-x64\jre\21.0.9-win32-x86_64\bin\verify.dll
0x00007ffc0a2e0000 - 0x00007ffc0a324000 	C:\Users\Kevin\AppData\Roaming\Code\User\globalStorage\redhat.java\1.50.0\config_win\org.eclipse.equinox.launcher\org.eclipse.equinox.launcher.win32.win32.x86_64_1.2.1400.v20250801-0854\eclipse_11916.dll
0x00007ffc6a4e0000 - 0x00007ffc6a677000 	C:\WINDOWS\System32\ole32.dll
0x00007ffc677a0000 - 0x00007ffc677bb000 	C:\WINDOWS\SYSTEM32\CRYPTSP.dll
0x00007ffc66dc0000 - 0x00007ffc66dfa000 	C:\WINDOWS\system32\rsaenh.dll
0x00007ffc67460000 - 0x00007ffc6748b000 	C:\WINDOWS\SYSTEM32\USERENV.dll
0x00007ffc67fe0000 - 0x00007ffc6800a000 	C:\WINDOWS\SYSTEM32\bcrypt.dll
0x00007ffc67600000 - 0x00007ffc6760c000 	C:\WINDOWS\SYSTEM32\CRYPTBASE.dll
0x00007ffc66850000 - 0x00007ffc66884000 	C:\WINDOWS\SYSTEM32\IPHLPAPI.DLL
0x00007ffc68d40000 - 0x00007ffc68d4a000 	C:\WINDOWS\System32\NSI.dll
0x00007ffc078a0000 - 0x00007ffc078e9000 	C:\Users\Kevin\AppData\Local\Temp\jna-72389729\jna14958770570122330879.dll
0x00007ffc691f0000 - 0x00007ffc691f8000 	C:\WINDOWS\System32\PSAPI.DLL
0x00007ffc5fdb0000 - 0x00007ffc5fdce000 	C:\WINDOWS\SYSTEM32\dhcpcsvc6.DLL
0x00007ffc5d760000 - 0x00007ffc5d783000 	C:\WINDOWS\SYSTEM32\dhcpcsvc.DLL
0x00007ffc480a0000 - 0x00007ffc480ae000 	C:\Users\Kevin\.vscode\extensions\redhat.java-1.50.0-win32-x64\jre\21.0.9-win32-x86_64\bin\sunmscapi.dll
0x00007ffc687c0000 - 0x00007ffc68937000 	C:\WINDOWS\System32\CRYPT32.dll
0x00007ffc678f0000 - 0x00007ffc67920000 	C:\WINDOWS\SYSTEM32\ncrypt.dll
0x00007ffc678a0000 - 0x00007ffc678df000 	C:\WINDOWS\SYSTEM32\NTASN1.dll
0x00007ffc668e0000 - 0x00007ffc66a0c000 	C:\WINDOWS\SYSTEM32\DNSAPI.dll
0x0000000068bc0000 - 0x0000000068be6000 	C:\Program Files\Bonjour\mdnsNSP.dll
0x00007ffc5bb40000 - 0x00007ffc5bb4b000 	C:\Windows\System32\rasadhlp.dll
0x00007ffc5cf30000 - 0x00007ffc5cfb6000 	C:\WINDOWS\System32\fwpuclnt.dll
0x00007ffc45fd0000 - 0x00007ffc45fd9000 	C:\Users\Kevin\.vscode\extensions\redhat.java-1.50.0-win32-x64\jre\21.0.9-win32-x86_64\bin\extnet.dll

JVMTI agents:
c:\Users\Kevin\.vscode\extensions\redhat.java-1.50.0-win32-x64\lombok\lombok-1.18.39-4050.jar path:c:\Users\Kevin\.vscode\extensions\redhat.java-1.50.0-win32-x64\jre\21.0.9-win32-x86_64\bin\instrument.dll, loaded, initialized, instrumentlib options:none

dbghelp: loaded successfully - version: 4.0.5 - missing functions: none
symbol engine: initialized successfully - sym options: 0x614 - pdb path: .;c:\Users\Kevin\.vscode\extensions\redhat.java-1.50.0-win32-x64\jre\21.0.9-win32-x86_64\bin;C:\WINDOWS\SYSTEM32;C:\WINDOWS\WinSxS\amd64_microsoft.windows.common-controls_6595b64144ccf1df_6.0.26100.7309_none_3e05feeae336a044;c:\Users\Kevin\.vscode\extensions\redhat.java-1.50.0-win32-x64\jre\21.0.9-win32-x86_64\bin\server;C:\Users\Kevin\AppData\Roaming\Code\User\globalStorage\redhat.java\1.50.0\config_win\org.eclipse.equinox.launcher\org.eclipse.equinox.launcher.win32.win32.x86_64_1.2.1400.v20250801-0854;C:\Users\Kevin\AppData\Local\Temp\jna-72389729;C:\Program Files\Bonjour

VM Arguments:
jvm_args: --add-modules=ALL-SYSTEM --add-opens=java.base/java.util=ALL-UNNAMED --add-opens=java.base/java.lang=ALL-UNNAMED --add-opens=java.base/sun.nio.fs=ALL-UNNAMED -Declipse.application=org.eclipse.jdt.ls.core.id1 -Dosgi.bundles.defaultStartLevel=4 -Declipse.product=org.eclipse.jdt.ls.core.product -Djava.import.generatesMetadataFilesAtProjectRoot=false -DDetectVMInstallationsJob.disabled=true -Dfile.encoding=utf8 -XX:+UseParallelGC -XX:GCTimeRatio=4 -XX:AdaptiveSizePolicyWeight=90 -Dsun.zip.disableMemoryMapping=true -Xmx2G -Xms100m -Xlog:disable -javaagent:c:\Users\Kevin\.vscode\extensions\redhat.java-1.50.0-win32-x64\lombok\lombok-1.18.39-4050.jar -XX:+HeapDumpOnOutOfMemoryError -XX:HeapDumpPath=c:\Users\Kevin\AppData\Roaming\Code\User\workspaceStorage\2dd59578e7575567e07f9e31c6a4162b\redhat.java -Daether.dependencyCollector.impl=bf 
java_command: c:\Users\Kevin\.vscode\extensions\redhat.java-1.50.0-win32-x64\server\plugins\org.eclipse.equinox.launcher_1.7.100.v20251111-0406.jar -configuration c:\Users\Kevin\AppData\Roaming\Code\User\globalStorage\redhat.java\1.50.0\config_win -data c:\Users\Kevin\AppData\Roaming\Code\User\workspaceStorage\2dd59578e7575567e07f9e31c6a4162b\redhat.java\jdt_ws --pipe=\\.\pipe\lsp-5b9aed9f028df51af74201b6563b1c87-sock
java_class_path (initial): c:\Users\Kevin\.vscode\extensions\redhat.java-1.50.0-win32-x64\server\plugins\org.eclipse.equinox.launcher_1.7.100.v20251111-0406.jar
Launcher Type: SUN_STANDARD

[Global flags]
    uintx AdaptiveSizePolicyWeight                 = 90                                        {product} {command line}
     intx CICompilerCount                          = 12                                        {product} {ergonomic}
    uintx GCTimeRatio                              = 4                                         {product} {command line}
     bool HeapDumpOnOutOfMemoryError               = true                                   {manageable} {command line}
    ccstr HeapDumpPath                             = c:\Users\Kevin\AppData\Roaming\Code\User\workspaceStorage\2dd59578e7575567e07f9e31c6a4162b\redhat.java         {manageable} {command line}
   size_t InitialHeapSize                          = 104857600                                 {product} {command line}
   size_t MaxHeapSize                              = 2147483648                                {product} {command line}
   size_t MaxNewSize                               = 715653120                                 {product} {ergonomic}
   size_t MinHeapDeltaBytes                        = 524288                                    {product} {ergonomic}
   size_t MinHeapSize                              = 104857600                                 {product} {command line}
   size_t NewSize                                  = 34603008                                  {product} {ergonomic}
    uintx NonNMethodCodeHeapSize                   = 7602480                                {pd product} {ergonomic}
    uintx NonProfiledCodeHeapSize                  = 122027880                              {pd product} {ergonomic}
   size_t OldSize                                  = 70254592                                  {product} {ergonomic}
    uintx ProfiledCodeHeapSize                     = 122027880                              {pd product} {ergonomic}
    uintx ReservedCodeCacheSize                    = 251658240                              {pd product} {ergonomic}
     bool SegmentedCodeCache                       = true                                      {product} {ergonomic}
   size_t SoftMaxHeapSize                          = 2147483648                             {manageable} {ergonomic}
     bool UseCompressedOops                        = true                           {product lp64_product} {ergonomic}
     bool UseLargePagesIndividualAllocation        = false                                  {pd product} {ergonomic}
     bool UseParallelGC                            = true                                      {product} {command line}

Logging:
Log output configuration:
 #0: stdout all=off uptime,level,tags foldmultilines=false
 #1: stderr all=off uptime,level,tags foldmultilines=false

Release file:
JAVA_VERSION="21.0.9" 
MODULES="java.base java.compiler java.datatransfer java.xml java.prefs java.desktop java.instrument java.logging java.management java.security.sasl java.naming java.rmi java.management.rmi java.net.http java.scripting java.security.jgss java.transaction.xa java.sql java.sql.rowset java.xml.crypto java.se java.smartcardio jdk.accessibility jdk.internal.jvmstat jdk.attach jdk.charsets jdk.internal.opt jdk.zipfs jdk.compiler jdk.crypto.ec jdk.crypto.cryptoki jdk.crypto.mscapi jdk.dynalink jdk.internal.ed jdk.editpad jdk.hotspot.agent jdk.httpserver jdk.internal.le jdk.internal.vm.ci jdk.internal.vm.compiler jdk.internal.vm.compiler.management jdk.jartool jdk.javadoc jdk.jcmd jdk.management jdk.management.agent jdk.jconsole jdk.jdeps jdk.jdwp.agent jdk.jdi jdk.jfr jdk.jshell jdk.jsobject jdk.jstatd jdk.localedata jdk.management.jfr jdk.naming.dns jdk.naming.rmi jdk.net jdk.nio.mapmode jdk.random jdk.sctp jdk.security.auth jdk.security.jgss jdk.unsupported jdk.unsupported.desktop jdk.xml.dom" 

Environment Variables:
JAVA_HOME=C:\Program Files\Eclipse Adoptium\jdk-21.0.7.6-hotspot\
PATH=C:\WINDOWS\System32;C:\WINDOWS;C:\WINDOWS\System32\Wbem;C:\WINDOWS\System32\WindowsPowerShell\v1.0;C:\Program Files\Git\cmd;C:\Users\Kevin\develop\flutter\bin;C:\Program Files\Eclipse Adoptium\jdk-23.0.2.7-hotspot\bin;C:\Program Files\Apache\Maven\bin;C:\Program Files\WiX Toolset v6.0\bin;C:\Program Files\nodejs;C:\wamp64\bin\php\php8.4.0;C:\wamp64\bin\php\php7.4.33;C:\composer;C:\Program Files\Docker\Docker\resources\bin;C:\Program Files\Git\bin;C:\Users\Kevin\AppData\Local\Programs\Microsoft VS Code\bin;C:\Program Files\Eclipse Adoptium\jdk-21.0.7.6-hotspot\bin;C:\Program Files (x86)\WiX Toolset v3.14\bin;C:\Users\Kevin\AppData\Roaming\npm;C:\Users\Kevin\AppData\Roaming\Composer\vendor\bin;C:\Program Files\Git\bin;C:\Program Files\Git\cmd;C:\Program Files\Apache\Maven\bin;C:\Users\Kevin\AppData\Local\Programs\Microsoft VS Code\bin;C:\Program Files\Eclipse Adoptium\jdk-23.0.2.7-hotspot\bin;C:\Program Files\Eclipse Adoptium\jdk-21.0.7.6-hotspot\bin;C:\Program Files (x86)\WiX Toolset v3.14\bin;C:\Users\Kevin\AppData\Roaming\npm;C:\Users\Kevin\AppData\Roaming\Composer\vendor\bin;C:\Users\Kevin\composer
USERNAME=Kevin
OS=Windows_NT
PROCESSOR_IDENTIFIER=AMD64 Family 25 Model 80 Stepping 0, AuthenticAMD
TMP=C:\Users\Kevin\AppData\Local\Temp
TEMP=C:\Users\Kevin\AppData\Local\Temp




Periodic native trim disabled

---------------  S Y S T E M  ---------------

OS:
 Windows 11 , 64 bit Build 26100 (10.0.26100.7309)
OS uptime: 0 days 3:49 hours
Hyper-V role detected

CPU: total 16 (initial active 16) (16 cores per cpu, 2 threads per core) family 25 model 80 stepping 0 microcode 0xa50000f, cx8, cmov, fxsr, ht, mmx, 3dnowpref, sse, sse2, sse3, ssse3, sse4a, sse4.1, sse4.2, popcnt, lzcnt, tsc, tscinvbit, avx, avx2, aes, erms, clmul, bmi1, bmi2, adx, sha, fma, vzeroupper, clflush, clflushopt, hv, rdtscp, rdpid, fsrm, f16c, cet_ss
Processor Information for the first 16 processors :
  Max Mhz: 2000, Current Mhz: 2000, Mhz Limit: 2000

Memory: 4k page, system-wide physical 15772M (2037M free)
TotalPageFile size 23964M (AvailPageFile size 15M)
current process WorkingSet (physical memory assigned to process): 1437M, peak: 1757M
current process commit charge ("private bytes"): 1573M, peak: 1823M

vm_info: OpenJDK 64-Bit Server VM (21.0.9+10-LTS) for windows-amd64 JRE (21.0.9+10-LTS), built on 2025-10-21T00:00:00Z by "admin" with unknown MS VC++:1942

END.
